// Jest Snapshot v1, https://goo.gl/fbAQLP

exports[`EditBaselineNameModal should render correctly 1`] = `
<Modal
  actions={
    Array [
      <Button
        onClick={[Function]}
        ouiaId="save"
        variant="primary"
      >
        Save
      </Button>,
      <Button
        onClick={[Function]}
        ouiaId="cancel"
        variant="link"
      >
        Cancel
      </Button>,
    ]
  }
  appendTo={[Function]}
  aria-describedby=""
  aria-label=""
  aria-labelledby=""
  className="drift"
  hasNoBodyWrapper={false}
  isOpen={true}
  onClose={[Function]}
  ouiaSafe={true}
  showClose={true}
  title="Edit name"
  titleIconVariant={null}
  titleLabel=""
  variant="small"
>
  <div
    className="fact-value"
  >
    <Form>
      <FormGroup
        fieldId="baseline name"
        helperTextInvalid={null}
        isRequired={true}
        label="Baseline title"
        onKeyPress={[Function]}
        validated={null}
      >
        <TextInput
          aria-label="baseline name"
          onChange={[Function]}
          type="text"
          validated={null}
          value="lotr-baseline"
        />
      </FormGroup>
    </Form>
  </div>
</Modal>
`;

exports[`EditBaselineNameModal should render mount correctly 1`] = `
<EditBaselineNameModal
  baselineData={
    Object {
      "account": "12345678",
      "baseline_facts": Array [
        Object {
          "name": "Sauron",
          "value": "the Dark Lord",
        },
        Object {
          "name": "Galadriel",
          "value": "the Elven Queen",
        },
        Object {
          "name": "The Fellowship of the Ring",
          "values": Array [
            Object {
              "name": "Frodo",
              "value": "Baggins",
            },
            Object {
              "name": "Samwise",
              "value": "Gamgee",
            },
            Object {
              "name": "Gandalf",
              "value": "the Grey",
            },
            Object {
              "name": "Meriadoc",
              "value": "Brandybuck",
            },
            Object {
              "name": "Peregrin",
              "value": "Took",
            },
            Object {
              "name": "Gimli",
              "value": "son of Gloin",
            },
            Object {
              "name": "Legolas",
              "value": "Greenleaf",
            },
            Object {
              "name": "Boromir",
              "value": "son of Denethor",
            },
            Object {
              "name": "Aragorn",
              "value": "son of Arathorn",
            },
          ],
        },
      ],
      "created": "2019-10-17T16:20:06.050710Z",
      "display_name": "lotr-baseline",
      "fact_count": 3,
      "id": "jf8alskj-jf74-aje8-ke83-jf84ldjru439k",
      "updated": "2020-02-06T21:48:30.661510Z",
    }
  }
  error={Object {}}
  modalOpened={true}
>
  <Modal
    actions={
      Array [
        <Button
          onClick={[Function]}
          ouiaId="save"
          variant="primary"
        >
          Save
        </Button>,
        <Button
          onClick={[Function]}
          ouiaId="cancel"
          variant="link"
        >
          Cancel
        </Button>,
      ]
    }
    appendTo={[Function]}
    aria-describedby=""
    aria-label=""
    aria-labelledby=""
    className="drift"
    hasNoBodyWrapper={false}
    isOpen={true}
    onClose={[Function]}
    ouiaSafe={true}
    showClose={true}
    title="Edit name"
    titleIconVariant={null}
    titleLabel=""
    variant="small"
  >
    <Portal
      containerInfo={
        <div>
          <div
            class="pf-c-backdrop"
          >
            <div
              class="pf-l-bullseye"
            >
              <div
                aria-describedby="pf-modal-part-2"
                aria-labelledby="pf-modal-part-1"
                aria-modal="true"
                class="pf-c-modal-box drift pf-m-sm"
                data-ouia-component-id="OUIA-Generated-Modal-small-1"
                data-ouia-component-type="PF4/ModalContent"
                data-ouia-safe="true"
                id="pf-modal-part-0"
                role="dialog"
              >
                <button
                  aria-disabled="false"
                  aria-label="Close"
                  class="pf-c-button pf-m-plain"
                  data-ouia-component-id="OUIA-Generated-Button-plain-1"
                  data-ouia-component-type="PF4/Button"
                  data-ouia-safe="true"
                  type="button"
                >
                  <svg
                    aria-hidden="true"
                    fill="currentColor"
                    height="1em"
                    role="img"
                    style="vertical-align: -0.125em;"
                    viewBox="0 0 352 512"
                    width="1em"
                  >
                    <path
                      d="M242.72 256l100.07-100.07c12.28-12.28 12.28-32.19 0-44.48l-22.24-22.24c-12.28-12.28-32.19-12.28-44.48 0L176 189.28 75.93 89.21c-12.28-12.28-32.19-12.28-44.48 0L9.21 111.45c-12.28 12.28-12.28 32.19 0 44.48L109.28 256 9.21 356.07c-12.28 12.28-12.28 32.19 0 44.48l22.24 22.24c12.28 12.28 32.2 12.28 44.48 0L176 322.72l100.07 100.07c12.28 12.28 32.2 12.28 44.48 0l22.24-22.24c12.28-12.28 12.28-32.19 0-44.48L242.72 256z"
                    />
                  </svg>
                </button>
                <header
                  class="pf-c-modal-box__header"
                >
                  <h1
                    class="pf-c-modal-box__title"
                    id="pf-modal-part-1"
                  >
                    
                    <span
                      class="pf-c-modal-box__title-text"
                    >
                      Edit name
                    </span>
                  </h1>
                </header>
                <div
                  class="pf-c-modal-box__body"
                  id="pf-modal-part-2"
                >
                  <div
                    class="fact-value"
                  >
                    <form
                      class="pf-c-form"
                      novalidate=""
                    >
                      <div
                        class="pf-c-form__group"
                      >
                        <div
                          class="pf-c-form__group-label"
                        >
                          <label
                            class="pf-c-form__label"
                            for="baseline name"
                          >
                            <span
                              class="pf-c-form__label-text"
                            >
                              Baseline title
                            </span>
                            <span
                              aria-hidden="true"
                              class="pf-c-form__label-required"
                            >
                               
                              *
                            </span>
                          </label>
                           
                        </div>
                        <div
                          class="pf-c-form__group-control"
                        >
                          <input
                            aria-invalid="false"
                            aria-label="baseline name"
                            class="pf-c-form-control"
                            type="text"
                            value="lotr-baseline"
                          />
                          
                        </div>
                      </div>
                    </form>
                  </div>
                </div>
                <footer
                  class="pf-c-modal-box__footer"
                >
                  <button
                    aria-disabled="false"
                    class="pf-c-button pf-m-primary"
                    data-ouia-component-id="save"
                    data-ouia-component-type="PF4/Button"
                    data-ouia-safe="true"
                    type="button"
                  >
                    Save
                  </button>
                  <button
                    aria-disabled="false"
                    class="pf-c-button pf-m-link"
                    data-ouia-component-id="cancel"
                    data-ouia-component-type="PF4/Button"
                    data-ouia-safe="true"
                    type="button"
                  >
                    Cancel
                  </button>
                </footer>
              </div>
            </div>
          </div>
        </div>
      }
    >
      <ModalContent
        actions={
          Array [
            <Button
              onClick={[Function]}
              ouiaId="save"
              variant="primary"
            >
              Save
            </Button>,
            <Button
              onClick={[Function]}
              ouiaId="cancel"
              variant="link"
            >
              Cancel
            </Button>,
          ]
        }
        aria-describedby=""
        aria-label=""
        aria-labelledby=""
        boxId="pf-modal-part-0"
        className="drift"
        descriptorId="pf-modal-part-2"
        hasNoBodyWrapper={false}
        isOpen={true}
        labelId="pf-modal-part-1"
        onClose={[Function]}
        ouiaId="OUIA-Generated-Modal-small-1"
        ouiaSafe={true}
        showClose={true}
        title="Edit name"
        titleIconVariant={null}
        titleLabel=""
        variant="small"
      >
        <Backdrop>
          <div
            className="pf-c-backdrop"
          >
            <FocusTrap
              active={true}
              className="pf-l-bullseye"
              focusTrapOptions={
                Object {
                  "clickOutsideDeactivates": true,
                }
              }
              paused={false}
            >
              <div
                className="pf-l-bullseye"
              >
                <ModalBox
                  aria-describedby="pf-modal-part-2"
                  aria-label=""
                  aria-labelledby="pf-modal-part-1"
                  className="drift"
                  data-ouia-component-id="OUIA-Generated-Modal-small-1"
                  data-ouia-component-type="PF4/ModalContent"
                  data-ouia-safe={true}
                  id="pf-modal-part-0"
                  style={Object {}}
                  variant="small"
                >
                  <div
                    aria-describedby="pf-modal-part-2"
                    aria-label={null}
                    aria-labelledby="pf-modal-part-1"
                    aria-modal="true"
                    className="pf-c-modal-box drift pf-m-sm"
                    data-ouia-component-id="OUIA-Generated-Modal-small-1"
                    data-ouia-component-type="PF4/ModalContent"
                    data-ouia-safe={true}
                    id="pf-modal-part-0"
                    role="dialog"
                    style={Object {}}
                  >
                    <ModalBoxCloseButton
                      onClose={[Function]}
                    >
                      <Button
                        aria-label="Close"
                        className=""
                        onClick={[Function]}
                        variant="plain"
                      >
                        <button
                          aria-disabled={false}
                          aria-label="Close"
                          className="pf-c-button pf-m-plain"
                          data-ouia-component-id="OUIA-Generated-Button-plain-1"
                          data-ouia-component-type="PF4/Button"
                          data-ouia-safe={true}
                          disabled={false}
                          onClick={[Function]}
                          role={null}
                          type="button"
                        >
                          <TimesIcon
                            color="currentColor"
                            noVerticalAlign={false}
                            size="sm"
                          >
                            <svg
                              aria-hidden={true}
                              aria-labelledby={null}
                              fill="currentColor"
                              height="1em"
                              role="img"
                              style={
                                Object {
                                  "verticalAlign": "-0.125em",
                                }
                              }
                              viewBox="0 0 352 512"
                              width="1em"
                            >
                              <path
                                d="M242.72 256l100.07-100.07c12.28-12.28 12.28-32.19 0-44.48l-22.24-22.24c-12.28-12.28-32.19-12.28-44.48 0L176 189.28 75.93 89.21c-12.28-12.28-32.19-12.28-44.48 0L9.21 111.45c-12.28 12.28-12.28 32.19 0 44.48L109.28 256 9.21 356.07c-12.28 12.28-12.28 32.19 0 44.48l22.24 22.24c12.28 12.28 32.2 12.28 44.48 0L176 322.72l100.07 100.07c12.28 12.28 32.2 12.28 44.48 0l22.24-22.24c12.28-12.28 12.28-32.19 0-44.48L242.72 256z"
                              />
                            </svg>
                          </TimesIcon>
                        </button>
                      </Button>
                    </ModalBoxCloseButton>
                    <ModalBoxHeader
                      help={null}
                    >
                      <header
                        className="pf-c-modal-box__header"
                      >
                        <ModalBoxTitle
                          id="pf-modal-part-1"
                          title="Edit name"
                          titleIconVariant={null}
                          titleLabel=""
                        >
                          <h1
                            className="pf-c-modal-box__title"
                            id="pf-modal-part-1"
                          >
                            <span
                              className="pf-c-modal-box__title-text"
                            >
                              Edit name
                            </span>
                          </h1>
                        </ModalBoxTitle>
                      </header>
                    </ModalBoxHeader>
                    <ModalBoxBody
                      id="pf-modal-part-2"
                    >
                      <div
                        className="pf-c-modal-box__body"
                        id="pf-modal-part-2"
                      >
                        <div
                          className="fact-value"
                        >
                          <Form>
                            <form
                              className="pf-c-form"
                              noValidate={true}
                            >
                              <FormGroup
                                fieldId="baseline name"
                                helperTextInvalid={null}
                                isRequired={true}
                                label="Baseline title"
                                onKeyPress={[Function]}
                                validated={null}
                              >
                                <div
                                  className="pf-c-form__group"
                                  onKeyPress={[Function]}
                                >
                                  <div
                                    className="pf-c-form__group-label"
                                  >
                                    <label
                                      className="pf-c-form__label"
                                      htmlFor="baseline name"
                                    >
                                      <span
                                        className="pf-c-form__label-text"
                                      >
                                        Baseline title
                                      </span>
                                      <span
                                        aria-hidden="true"
                                        className="pf-c-form__label-required"
                                      >
                                         
                                        *
                                      </span>
                                    </label>
                                     
                                  </div>
                                  <div
                                    className="pf-c-form__group-control"
                                  >
                                    <TextInput
                                      aria-label="baseline name"
                                      onChange={[Function]}
                                      type="text"
                                      validated={null}
                                      value="lotr-baseline"
                                    >
                                      <TextInputBase
                                        aria-label="baseline name"
                                        className=""
                                        innerRef={null}
                                        isDisabled={false}
                                        isLeftTruncated={false}
                                        isReadOnly={false}
                                        isRequired={false}
                                        onChange={[Function]}
                                        type="text"
                                        validated={null}
                                        value="lotr-baseline"
                                      >
                                        <input
                                          aria-invalid={false}
                                          aria-label="baseline name"
                                          className="pf-c-form-control"
                                          disabled={false}
                                          onBlur={[Function]}
                                          onChange={[Function]}
                                          onFocus={[Function]}
                                          readOnly={false}
                                          required={false}
                                          type="text"
                                          value="lotr-baseline"
                                        />
                                      </TextInputBase>
                                    </TextInput>
                                  </div>
                                </div>
                              </FormGroup>
                            </form>
                          </Form>
                        </div>
                      </div>
                    </ModalBoxBody>
                    <ModalBoxFooter>
                      <footer
                        className="pf-c-modal-box__footer"
                      >
                        <Button
                          key="confirm"
                          onClick={[Function]}
                          ouiaId="save"
                          variant="primary"
                        >
                          <button
                            aria-disabled={false}
                            aria-label={null}
                            className="pf-c-button pf-m-primary"
                            data-ouia-component-id="save"
                            data-ouia-component-type="PF4/Button"
                            data-ouia-safe={true}
                            disabled={false}
                            onClick={[Function]}
                            role={null}
                            type="button"
                          >
                            Save
                          </button>
                        </Button>
                        <Button
                          key="cancel"
                          onClick={[Function]}
                          ouiaId="cancel"
                          variant="link"
                        >
                          <button
                            aria-disabled={false}
                            aria-label={null}
                            className="pf-c-button pf-m-link"
                            data-ouia-component-id="cancel"
                            data-ouia-component-type="PF4/Button"
                            data-ouia-safe={true}
                            disabled={false}
                            onClick={[Function]}
                            role={null}
                            type="button"
                          >
                            Cancel
                          </button>
                        </Button>
                      </footer>
                    </ModalBoxFooter>
                  </div>
                </ModalBox>
              </div>
            </FocusTrap>
          </div>
        </Backdrop>
      </ModalContent>
    </Portal>
  </Modal>
</EditBaselineNameModal>
`;
