// Jest Snapshot v1, https://goo.gl/fbAQLP

exports[`ErrorAlert should render correctly 1`] = `<Fragment />`;
