// Jest Snapshot v1, https://goo.gl/fbAQLP

exports[`add system button should render correctly 1`] = `
<Button
  isDisabled={false}
  variant="primary"
>
  Add to comparison
</Button>
`;
