// Jest Snapshot v1, https://goo.gl/fbAQLP

exports[`add system button should render correctly 1`] = `
<button
  class="pf-c-button pf-m-primary"
  type="button"
>
  Add System
</button>
`;
