// Jest Snapshot v1, https://goo.gl/fbAQLP

exports[`SelectedBasketCheckbox should render baseline 1`] = `
<Fragment>
  <Checkbox
    aria-label="controlled checkbox example"
    className=""
    component="div"
    id="check-1"
    isChecked={true}
    isDisabled={false}
    isValid={true}
    name="check1"
    onChange={[Function]}
    ouiaSafe={true}
  />
</Fragment>
`;

exports[`SelectedBasketCheckbox should render hsp 1`] = `
<Fragment>
  <Checkbox
    aria-label="controlled checkbox example"
    className=""
    component="div"
    id="check-1"
    isChecked={true}
    isDisabled={false}
    isValid={true}
    name="check1"
    onChange={[Function]}
    ouiaSafe={true}
  />
</Fragment>
`;

exports[`SelectedBasketCheckbox should render system 1`] = `
<Fragment>
  <Checkbox
    aria-label="controlled checkbox example"
    className=""
    component="div"
    id="check-1"
    isChecked={true}
    isDisabled={false}
    isValid={true}
    name="check1"
    onChange={[Function]}
    ouiaSafe={true}
  />
</Fragment>
`;
