// Jest Snapshot v1, https://goo.gl/fbAQLP

exports[`table pagination should render correctly 1`] = `
<Pagination
  className=""
  defaultToFullPage={false}
  firstPage={1}
  isCompact={false}
  isDisabled={false}
  isSticky={false}
  itemCount={0}
  itemsEnd={null}
  itemsStart={null}
  offset={0}
  onFirstClick={[Function]}
  onLastClick={[Function]}
  onNextClick={[Function]}
  onPageInput={[Function]}
  onPerPageSelect={[Function]}
  onPreviousClick={[Function]}
  onSetPage={[Function]}
  ouiaSafe={true}
  page={0}
  perPage={50}
  perPageOptions={
    Array [
      Object {
        "title": "10",
        "value": 10,
      },
      Object {
        "title": "20",
        "value": 20,
      },
      Object {
        "title": "50",
        "value": 50,
      },
      Object {
        "title": "100",
        "value": 100,
      },
    ]
  }
  titles={
    Object {
      "currPage": "Current page",
      "items": "",
      "itemsPerPage": "Items per page",
      "ofWord": "of",
      "optionsToggle": "Items per page",
      "page": "",
      "paginationTitle": "Pagination",
      "perPageSuffix": "per page",
      "toFirstPage": "Go to first page",
      "toLastPage": "Go to last page",
      "toNextPage": "Go to next page",
      "toPreviousPage": "Go to previous page",
    }
  }
  toggleTemplate={[Function]}
  variant="top"
  widgetId="pagination-options-menu"
/>
`;
