// Jest Snapshot v1, https://goo.gl/fbAQLP

exports[`CreateBaselineModal should render correctly 1`] = `
<div
  aria-describedby="pf-modal-part-2"
  aria-label="create-baseline-modal"
  aria-labelledby="pf-modal-part-0 pf-modal-part-1"
  aria-modal="true"
  class="pf-c-modal-box drift create-baseline-modal"
  data-ouia-component-id="OUIA-Generated-Modal-default-1"
  data-ouia-component-type="PF4/ModalContent"
  data-ouia-safe="true"
  id="pf-modal-part-0"
  role="dialog"
  style="width: 1200px;"
>
  <button
    aria-disabled="false"
    aria-label="Close"
    class="pf-c-button pf-m-plain"
    data-ouia-component-id="OUIA-Generated-Modal-default-1-ModalBoxCloseButton"
    data-ouia-component-type="PF4/Button"
    data-ouia-safe="true"
    type="button"
  >
    <svg
      aria-hidden="true"
      fill="currentColor"
      height="1em"
      role="img"
      style="vertical-align: -0.125em;"
      viewBox="0 0 352 512"
      width="1em"
    >
      <path
        d="M242.72 256l100.07-100.07c12.28-12.28 12.28-32.19 0-44.48l-22.24-22.24c-12.28-12.28-32.19-12.28-44.48 0L176 189.28 75.93 89.21c-12.28-12.28-32.19-12.28-44.48 0L9.21 111.45c-12.28 12.28-12.28 32.19 0 44.48L109.28 256 9.21 356.07c-12.28 12.28-12.28 32.19 0 44.48l22.24 22.24c12.28 12.28 32.2 12.28 44.48 0L176 322.72l100.07 100.07c12.28 12.28 32.2 12.28 44.48 0l22.24-22.24c12.28-12.28 12.28-32.19 0-44.48L242.72 256z"
      />
    </svg>
  </button>
  <header
    class="pf-c-modal-box__header"
  >
    <h1
      class="pf-c-modal-box__title"
      id="pf-modal-part-1"
    >
      
      <span
        class="pf-c-modal-box__title-text"
      >
        Create baseline
      </span>
    </h1>
  </header>
  <div
    class="pf-c-modal-box__body"
    id="pf-modal-part-2"
  >
    <div
      class="pf-c-radio"
    >
      <input
        aria-invalid="false"
        checked=""
        class="pf-c-radio__input"
        data-ouia-component-id="create-baseline-from-scratch-radio"
        data-ouia-component-type="PF4/Radio"
        data-ouia-safe="true"
        data-testid="from-scratch-radio"
        id="create-baseline"
        name="baseline-create-options"
        type="radio"
        value="fromScratchChecked"
      />
      <label
        class="pf-c-radio__label"
        for="create-baseline"
      >
        Create baseline from scratch
      </label>
    </div>
    <div
      class="pf-c-radio"
    >
      <input
        aria-invalid="false"
        class="pf-c-radio__input"
        data-ouia-component-id="create-baseline-copy-baseline-radio"
        data-ouia-component-type="PF4/Radio"
        data-ouia-safe="true"
        data-testid="copy-baseline-radio"
        id="copy-baseline"
        name="baseline-create-options"
        type="radio"
        value="copyBaselineChecked"
      />
      <label
        class="pf-c-radio__label"
        for="copy-baseline"
      >
        Copy an existing baseline
      </label>
    </div>
    <div
      class="pf-c-radio"
    >
      <input
        aria-invalid="false"
        class="pf-c-radio__input"
        data-ouia-component-id="create-baseline-copy-system-radio"
        data-ouia-component-type="PF4/Radio"
        data-ouia-safe="true"
        data-testid="copy-system-radio"
        id="copy-system"
        name="baseline-create-options"
        type="radio"
        value="copySystemChecked"
      />
      <label
        class="pf-c-radio__label"
        for="copy-system"
      >
        Copy an existing system or historical profile
      </label>
    </div>
    <div
      class="md-padding-top md-padding-bottom"
    >
      <form
        class="pf-c-form"
        novalidate=""
      >
        <div
          class="pf-c-form__group"
          type="text"
        >
          <div
            class="pf-c-form__group-label"
          >
            <label
              class="pf-c-form__label"
              for="name"
            >
              <span
                class="pf-c-form__label-text"
              >
                Baseline name
              </span>
              <span
                aria-hidden="true"
                class="pf-c-form__label-required"
              >
                 
                *
              </span>
            </label>
             
          </div>
          <div
            class="pf-c-form__group-control"
          >
            <input
              aria-invalid="false"
              aria-label="baseline name"
              class="pf-c-form-control fact-value"
              data-ouia-component-id="OUIA-Generated-TextInputBase-1"
              data-ouia-component-type="PF4/TextInput"
              data-ouia-safe="true"
              type="text"
              value=""
            />
            
          </div>
        </div>
      </form>
    </div>
  </div>
  <footer
    class="pf-c-modal-box__footer"
  >
    <button
      aria-disabled="true"
      aria-label="create-baseline-disabled"
      class="pf-c-button pf-m-primary pf-m-disabled"
      data-ouia-component-id="create-baseline-button-fromscratch"
      data-ouia-component-type="PF4/Button"
      data-ouia-safe="true"
      disabled=""
      type="button"
    >
      Create baseline
    </button>
    <button
      aria-disabled="false"
      aria-label="cancel-create-baseline"
      class="pf-c-button pf-m-link"
      data-ouia-component-id="create-baseline-modal-cancel-button"
      data-ouia-component-type="PF4/Button"
      data-ouia-safe="true"
      type="button"
    >
      Cancel
    </button>
  </footer>
</div>
`;
